// Jest Snapshot v1, https://goo.gl/fbAQLP

exports[`CanvasPixel.vue should match snapshots 1`] = `<div class="canvas-px">x</div>`;
